MPASM  5.37                           P42.ASM   11-7-2021  17:57:30         PAGE  1


LOC  OBJECT CODE     LINE SOURCE TEXT
  VALUE

                      00001 #INCLUDE<P16F877A.inc>
                      00001         LIST
                      00002 ; P16F877A.INC  Standard Header File, Version 1.00    Microchip Technology, Inc.
Message[301]: MESSAGE: (Processor-header file mismatch.  Verify selected processor.)
                      00400         LIST
                      00002 
Warning[207]: Found label after column 1. (valor1)
  00000021            00003         valor1 equ h'21'
Warning[207]: Found label after column 1. (valor2)
  00000022            00004         valor2 equ h'22'
Warning[207]: Found label after column 1. (valor3)
  00000023            00005         valor3 equ h'23'
Warning[207]: Found label after column 1. (cte1)
  00000010            00006         cte1 equ 10h 
Warning[207]: Found label after column 1. (cte2)
  00000050            00007         cte2 equ 50h
Warning[207]: Found label after column 1. (cte3)
  00000060            00008         cte3 equ 60h
                      00009 
Warning[207]: Found label after column 1. (v0)
  00000024            00010         v0 equ h'24'    ;Definicion de variables a utilizar para comparar
Warning[207]: Found label after column 1. (v1)
  00000025            00011         v1 equ h'25'    ;las entradas a traves del puerto A
Warning[207]: Found label after column 1. (v2)
  00000026            00012         v2 equ h'26'
Warning[207]: Found label after column 1. (v3)
  00000027            00013         v3 equ h'27'
Warning[207]: Found label after column 1. (v4)
  00000029            00014         v4 equ h'29'
Warning[207]: Found label after column 1. (v5)
  00000030            00015         v5 equ h'30'
                      00016 
Warning[207]: Found label after column 1. (c0)
  00000000            00017         c0 equ 0h 
Warning[207]: Found label after column 1. (c1)
  00000001            00018         c1 equ 1h
Warning[207]: Found label after column 1. (c2)
  00000002            00019         c2 equ 2h
Warning[207]: Found label after column 1. (c3)
  00000003            00020         c3 equ 3h 
Warning[207]: Found label after column 1. (c4)
  00000004            00021         c4 equ 4h
Warning[207]: Found label after column 1. (c5)
  00000005            00022         c5 equ 5h
                      00023   
0000                  00024         org 0h
0000   2805           00025         goto INICIO
0005                  00026         org 05h
                      00027 
0005                  00028 INICIO:
0005   0185           00029         clrf PORTA
0006   1683           00030         bsf STATUS,RP0  ;Cambio al Banco 1
0007   1303           00031         bcf STATUS,RP1 
MPASM  5.37                           P42.ASM   11-7-2021  17:57:30         PAGE  2


LOC  OBJECT CODE     LINE SOURCE TEXT
  VALUE

0008   3000           00032         movlw h'0'
Message[302]: Register in operand not in bank 0.  Ensure that bank bits are correct.
0009   0086           00033         movwf TRISB     ;Configura Puerto B como salida
000A   0186           00034         clrf PORTB      ;Limpia los bits de Puerto 1
                      00035             
000B   3006           00036         movlw 06h       ;Configura puertos A y E como digitales
Message[302]: Register in operand not in bank 0.  Ensure that bank bits are correct.
000C   009F           00037         movwf ADCON1 
000D   303F           00038         movlw 3fh       ;Configura el Puerto A como entrada
Message[302]: Register in operand not in bank 0.  Ensure that bank bits are correct.
000E   0085           00039         movwf TRISA
000F   1283           00040         bcf STATUS,RP0  ;Regresa al Banco 0
                      00041 
0010                  00042 CICLO:      
0010   3000           00043         movlw c0
0011   00A4           00044         movwf v0
0012   0805           00045         movfw PORTA     ;Mueve lo que hay en PORTA a W
0013   0624           00046         xorwf v0,w      ;Verifica si la entrada es $00
0014   1903           00047         btfsc STATUS,Z  ;z=0?
0015   283F           00048         goto APG        ;NO, entonces v0=W
                      00049                     ;SI, entonves v0!=W
0016   3001           00050         movlw c1
0017   00A5           00051         movwf v1
0018   0805           00052         movfw PORTA
0019   0625           00053         xorwf v1,w      ;Verifica si la entrada es $01
001A   1903           00054         btfsc STATUS,Z
001B   2842           00055         goto UNOS
                      00056        
001C   3002           00057         movlw c2
001D   00A6           00058         movwf v2
001E   0805           00059         movfw PORTA
001F   0626           00060         xorwf v2,w      ;Verifica si la entrada es $02
0020   1903           00061         btfsc STATUS,Z
0021   2845           00062         goto DER
                      00063 
0022   3003           00064         movlw c3
0023   00A7           00065         movwf v3
0024   0805           00066         movfw PORTA
0025   0627           00067         xorwf v3,w      ;Verifica si la entrada es $03
0026   1903           00068         btfsc STATUS,Z
0027   284D           00069         goto  IZQ
                      00070        
0028   3004           00071         movlw c4
0029   00A9           00072         movwf v4
002A   0805           00073         movfw PORTA
002B   0629           00074         xorwf v4,w      ;Verifica si la entrada es $04
002C   1903           00075         btfsc STATUS,Z
002D   2855           00076         goto DERIZQ
                      00077 
002E   3005           00078         movlw c5
002F   00B0           00079         movwf v5
0030   0805           00080         movfw PORTA
0031   0630           00081         xorwf v5,w      ;Verifica si la entrada es $04
MPASM  5.37                           P42.ASM   11-7-2021  17:57:30         PAGE  3


LOC  OBJECT CODE     LINE SOURCE TEXT
  VALUE

0032   1903           00082         btfsc STATUS,Z
0033   2838           00083         goto ENCAPG
                      00084 
0034                  00085 DEFAULT:
0034   3000           00086         movlw h'00'
Message[305]: Using default destination of 1 (file).
0035   0886           00087         movf PORTB
0036   2064           00088         call retardo
0037   2810           00089         goto CICLO
                      00090 
                      00091 
0038                  00092 ENCAPG:             ;Loop que enciende y apaga los
0038   3000           00093         movlw h'00'     ;bits del puerto B
0039   0086           00094         movwf PORTB     
003A   2064           00095         call retardo
003B   30FF           00096         movlw h'ff'
003C   0086           00097         movwf PORTB
003D   2064           00098         call retardo
003E   2810           00099         goto CICLO
                      00100 
003F                  00101 APG:                 ;Apaga los bits del puerto B
003F   3000           00102         movlw h'00'
0040   0086           00103         movwf PORTB     
0041   2810           00104         goto CICLO
0042                  00105 UNOS:                ;Enciende los bits del puerto B
0042   30FF           00106         movlw h'FF'     
0043   0086           00107         movwf PORTB
0044   2810           00108         goto CICLO
0045                  00109 DER:                 ;Realiza corrimiento a la derecha
0045   3080           00110         movlw h'80'
0046   0086           00111         movwf PORTB
0047   2064           00112         call retardo
0048                  00113 DER1:
0048   0C86           00114         rrf PORTB,1
0049   2064           00115         call retardo
004A   1C06           00116         btfss PORTB,0
004B   2848           00117         goto DER1
004C   2810           00118         goto CICLO
004D                  00119 IZQ:                 ;Realiza corrimiento a la izquierda
004D   3001           00120         movlw h'01'
004E   0086           00121         movwf PORTB
004F   2064           00122         call retardo
0050                  00123 IZQ1:
0050   0D86           00124         rlf PORTB,1
0051   2064           00125         call retardo
0052   1F86           00126         btfss PORTB,7
0053   2850           00127         goto IZQ1
0054   2810           00128         goto CICLO
0055                  00129 DERIZQ:             ;Realiza corrimiento a la derecha y
0055   3080           00130         movlw h'80'     ;luego a la izquierda
0056   0086           00131         movwf PORTB
0057   2064           00132         call retardo
0058                  00133 DER2:
MPASM  5.37                           P42.ASM   11-7-2021  17:57:30         PAGE  4


LOC  OBJECT CODE     LINE SOURCE TEXT
  VALUE

0058   0C86           00134         rrf PORTB,1
0059   2064           00135         call retardo
005A   1C06           00136         btfss PORTB,0
005B   2858           00137         goto DER2
                      00138  
005C   3001           00139         movlw h'01'
005D   0086           00140         movwf PORTB
005E   2064           00141         call retardo
005F                  00142 IZQ2:
005F   0D86           00143         rlf PORTB,1
0060   2064           00144         call retardo
0061   1F86           00145         btfss PORTB,7
0062   285F           00146         goto IZQ2
0063   2810           00147         goto CICLO       
                      00148 
                      00149        
0064                  00150 retardo 
0064   3010           00151      movlw cte1      ;Rutina que genera un DELAY
0065   00A1           00152      movwf valor1
0066   00D0           00153 tres movwf cte2
0067   00A2           00154      movwf valor2
0068   3060           00155 dos  movlw cte3
0069   00A3           00156      movwf valor3
Message[305]: Using default destination of 1 (file).
006A   0BA3           00157 uno  decfsz valor3 
006B   286A           00158      goto uno 
Message[305]: Using default destination of 1 (file).
006C   0BA2           00159      decfsz valor2
006D   2868           00160      goto dos
Message[305]: Using default destination of 1 (file).
006E   0BA1           00161      decfsz valor1   
006F   2866           00162      goto tres
0070   0008           00163      return
                      00164      end
MPASM  5.37                           P42.ASM   11-7-2021  17:57:30         PAGE  5


SYMBOL TABLE
  LABEL                             VALUE 

ACKDT                             00000005
ACKEN                             00000004
ACKSTAT                           00000006
ADCON0                            0000001F
ADCON1                            0000009F
ADCS0                             00000006
ADCS1                             00000007
ADCS2                             00000006
ADDEN                             00000003
ADFM                              00000007
ADIE                              00000006
ADIF                              00000006
ADON                              00000000
ADRESH                            0000001E
ADRESL                            0000009E
APG                               0000003F
BCLIE                             00000003
BCLIF                             00000003
BF                                00000000
BRGH                              00000002
C                                 00000000
C1INV                             00000004
C1OUT                             00000006
C2INV                             00000005
C2OUT                             00000007
CCP1CON                           00000017
CCP1IE                            00000002
CCP1IF                            00000002
CCP1M0                            00000000
CCP1M1                            00000001
CCP1M2                            00000002
CCP1M3                            00000003
CCP1X                             00000005
CCP1Y                             00000004
CCP2CON                           0000001D
CCP2IE                            00000000
CCP2IF                            00000000
CCP2M0                            00000000
CCP2M1                            00000001
CCP2M2                            00000002
CCP2M3                            00000003
CCP2X                             00000005
CCP2Y                             00000004
CCPR1H                            00000016
CCPR1L                            00000015
CCPR2H                            0000001C
CCPR2L                            0000001B
CHS0                              00000003
CHS1                              00000004
CHS2                              00000005
CICLO                             00000010
CIS                               00000003
CKE                               00000006
MPASM  5.37                           P42.ASM   11-7-2021  17:57:30         PAGE  6


SYMBOL TABLE
  LABEL                             VALUE 

CKP                               00000004
CM0                               00000000
CM1                               00000001
CM2                               00000002
CMCON                             0000009C
CMIE                              00000006
CMIF                              00000006
CREN                              00000004
CSRC                              00000007
CVR0                              00000000
CVR1                              00000001
CVR2                              00000002
CVR3                              00000003
CVRCON                            0000009D
CVREN                             00000007
CVROE                             00000006
CVRR                              00000005
D                                 00000005
DATA_ADDRESS                      00000005
DC                                00000001
DEFAULT                           00000034
DER                               00000045
DER1                              00000048
DER2                              00000058
DERIZQ                            00000055
D_A                               00000005
EEADR                             0000010D
EEADRH                            0000010F
EECON1                            0000018C
EECON2                            0000018D
EEDATA                            0000010C
EEDATH                            0000010E
EEIE                              00000004
EEIF                              00000004
EEPGD                             00000007
ENCAPG                            00000038
F                                 00000001
FERR                              00000002
FSR                               00000004
GCEN                              00000007
GIE                               00000007
GO                                00000002
GO_DONE                           00000002
I2C_DATA                          00000005
I2C_READ                          00000002
I2C_START                         00000003
I2C_STOP                          00000004
IBF                               00000007
IBOV                              00000005
INDF                              00000000
INICIO                            00000005
INTCON                            0000000B
INTE                              00000004
MPASM  5.37                           P42.ASM   11-7-2021  17:57:30         PAGE  7


SYMBOL TABLE
  LABEL                             VALUE 

INTEDG                            00000006
INTF                              00000001
IRP                               00000007
IZQ                               0000004D
IZQ1                              00000050
IZQ2                              0000005F
NOT_A                             00000005
NOT_ADDRESS                       00000005
NOT_BO                            00000000
NOT_BOR                           00000000
NOT_DONE                          00000002
NOT_PD                            00000003
NOT_POR                           00000001
NOT_RBPU                          00000007
NOT_RC8                           00000006
NOT_T1SYNC                        00000002
NOT_TO                            00000004
NOT_TX8                           00000006
NOT_W                             00000002
NOT_WRITE                         00000002
OBF                               00000006
OERR                              00000001
OPTION_REG                        00000081
P                                 00000004
PCFG0                             00000000
PCFG1                             00000001
PCFG2                             00000002
PCFG3                             00000003
PCL                               00000002
PCLATH                            0000000A
PCON                              0000008E
PEIE                              00000006
PEN                               00000002
PIE1                              0000008C
PIE2                              0000008D
PIR1                              0000000C
PIR2                              0000000D
PORTA                             00000005
PORTB                             00000006
PORTC                             00000007
PORTD                             00000008
PORTE                             00000009
PR2                               00000092
PS0                               00000000
PS1                               00000001
PS2                               00000002
PSA                               00000003
PSPIE                             00000007
PSPIF                             00000007
PSPMODE                           00000004
R                                 00000002
RBIE                              00000003
RBIF                              00000000
MPASM  5.37                           P42.ASM   11-7-2021  17:57:30         PAGE  8


SYMBOL TABLE
  LABEL                             VALUE 

RC8_9                             00000006
RC9                               00000006
RCD8                              00000000
RCEN                              00000003
RCIE                              00000005
RCIF                              00000005
RCREG                             0000001A
RCSTA                             00000018
RD                                00000000
READ_WRITE                        00000002
RP0                               00000005
RP1                               00000006
RSEN                              00000001
RX9                               00000006
RX9D                              00000000
R_W                               00000002
S                                 00000003
SEN                               00000000
SMP                               00000007
SPBRG                             00000099
SPEN                              00000007
SREN                              00000005
SSPADD                            00000093
SSPBUF                            00000013
SSPCON                            00000014
SSPCON2                           00000091
SSPEN                             00000005
SSPIE                             00000003
SSPIF                             00000003
SSPM0                             00000000
SSPM1                             00000001
SSPM2                             00000002
SSPM3                             00000003
SSPOV                             00000006
SSPSTAT                           00000094
STATUS                            00000003
SYNC                              00000004
T0CS                              00000005
T0IE                              00000005
T0IF                              00000002
T0SE                              00000004
T1CKPS0                           00000004
T1CKPS1                           00000005
T1CON                             00000010
T1INSYNC                          00000002
T1OSCEN                           00000003
T1SYNC                            00000002
T2CKPS0                           00000000
T2CKPS1                           00000001
T2CON                             00000012
TMR0                              00000001
TMR0IE                            00000005
TMR0IF                            00000002
MPASM  5.37                           P42.ASM   11-7-2021  17:57:30         PAGE  9


SYMBOL TABLE
  LABEL                             VALUE 

TMR1CS                            00000001
TMR1H                             0000000F
TMR1IE                            00000000
TMR1IF                            00000000
TMR1L                             0000000E
TMR1ON                            00000000
TMR2                              00000011
TMR2IE                            00000001
TMR2IF                            00000001
TMR2ON                            00000002
TOUTPS0                           00000003
TOUTPS1                           00000004
TOUTPS2                           00000005
TOUTPS3                           00000006
TRISA                             00000085
TRISB                             00000086
TRISC                             00000087
TRISD                             00000088
TRISE                             00000089
TRISE0                            00000000
TRISE1                            00000001
TRISE2                            00000002
TRMT                              00000001
TX8_9                             00000006
TX9                               00000006
TX9D                              00000000
TXD8                              00000000
TXEN                              00000005
TXIE                              00000004
TXIF                              00000004
TXREG                             00000019
TXSTA                             00000098
UA                                00000001
UNOS                              00000042
W                                 00000000
WCOL                              00000007
WR                                00000001
WREN                              00000002
WRERR                             00000003
Z                                 00000002
_BODEN_OFF                        00003FBF
_BODEN_ON                         00003FFF
_CPD_OFF                          00003FFF
_CPD_ON                           00003EFF
_CP_ALL                           00001FFF
_CP_OFF                           00003FFF
_DEBUG_OFF                        00003FFF
_DEBUG_ON                         000037FF
_HS_OSC                           00003FFE
_LP_OSC                           00003FFC
_LVP_OFF                          00003F7F
_LVP_ON                           00003FFF
_PWRTE_OFF                        00003FFF
MPASM  5.37                           P42.ASM   11-7-2021  17:57:30         PAGE 10


SYMBOL TABLE
  LABEL                             VALUE 

_PWRTE_ON                         00003FF7
_RC_OSC                           00003FFF
_WDT_OFF                          00003FFB
_WDT_ON                           00003FFF
_WRT_1FOURTH                      00003BFF
_WRT_256                          00003DFF
_WRT_HALF                         000039FF
_WRT_OFF                          00003FFF
_XT_OSC                           00003FFD
__16F877                          00000001
c0                                00000000
c1                                00000001
c2                                00000002
c3                                00000003
c4                                00000004
c5                                00000005
cte1                              00000010
cte2                              00000050
cte3                              00000060
dos                               00000068
retardo                           00000064
tres                              00000066
uno                               0000006A
v0                                00000024
v1                                00000025
v2                                00000026
v3                                00000027
v4                                00000029
v5                                00000030
valor1                            00000021
valor2                            00000022
valor3                            00000023


MEMORY USAGE MAP ('X' = Used,  '-' = Unused)

0000 : X----XXXXXXXXXXX XXXXXXXXXXXXXXXX XXXXXXXXXXXXXXXX XXXXXXXXXXXXXXXX
0040 : XXXXXXXXXXXXXXXX XXXXXXXXXXXXXXXX XXXXXXXXXXXXXXXX X---------------

All other memory blocks unused.

Program Memory Words Used:   109
Program Memory Words Free:  8083


Errors   :     0
Warnings :    18 reported,     0 suppressed
Messages :     8 reported,     0 suppressed

