MPLINK 4.37, Linker
Linker Map File - Created Sun Nov 07 17:57:31 2021

                                 Section Info
                  Section       Type    Address   Location Size(Bytes)
                ---------  ---------  ---------  ---------  ---------
                   .org_0       code   0x000000    program   0x000000
                   .org_1       code   0x000000    program   0x000002
                   .org_2       code   0x000005    program   0x0000d8



                              Program Memory Usage 
                               Start         End      
                           ---------   ---------      
                            0x000000    0x000000      
                            0x000005    0x000070      
            109 out of 8453 program addresses used, program memory utilization is 1%



                              Symbols - Sorted by Name
                     Name    Address   Location    Storage File                     
                ---------  ---------  ---------  --------- ---------                
                      APG   0x00003f    program     static C:\Users\suxo\Desktop\2\p42.asm
                    CICLO   0x000010    program     static C:\Users\suxo\Desktop\2\p42.asm
                  DEFAULT   0x000034    program     static C:\Users\suxo\Desktop\2\p42.asm
                      DER   0x000045    program     static C:\Users\suxo\Desktop\2\p42.asm
                     DER1   0x000048    program     static C:\Users\suxo\Desktop\2\p42.asm
                     DER2   0x000058    program     static C:\Users\suxo\Desktop\2\p42.asm
                   DERIZQ   0x000055    program     static C:\Users\suxo\Desktop\2\p42.asm
                   ENCAPG   0x000038    program     static C:\Users\suxo\Desktop\2\p42.asm
                   INICIO   0x000005    program     static C:\Users\suxo\Desktop\2\p42.asm
                      IZQ   0x00004d    program     static C:\Users\suxo\Desktop\2\p42.asm
                     IZQ1   0x000050    program     static C:\Users\suxo\Desktop\2\p42.asm
                     IZQ2   0x00005f    program     static C:\Users\suxo\Desktop\2\p42.asm
                     UNOS   0x000042    program     static C:\Users\suxo\Desktop\2\p42.asm
                      dos   0x000068    program     static C:\Users\suxo\Desktop\2\p42.asm
                  retardo   0x000064    program     static C:\Users\suxo\Desktop\2\p42.asm
                     tres   0x000066    program     static C:\Users\suxo\Desktop\2\p42.asm
                      uno   0x00006a    program     static C:\Users\suxo\Desktop\2\p42.asm



                              Symbols - Sorted by Address
                     Name    Address   Location    Storage File                     
                ---------  ---------  ---------  --------- ---------                
                   INICIO   0x000005    program     static C:\Users\suxo\Desktop\2\p42.asm
                    CICLO   0x000010    program     static C:\Users\suxo\Desktop\2\p42.asm
                  DEFAULT   0x000034    program     static C:\Users\suxo\Desktop\2\p42.asm
                   ENCAPG   0x000038    program     static C:\Users\suxo\Desktop\2\p42.asm
                      APG   0x00003f    program     static C:\Users\suxo\Desktop\2\p42.asm
                     UNOS   0x000042    program     static C:\Users\suxo\Desktop\2\p42.asm
                      DER   0x000045    program     static C:\Users\suxo\Desktop\2\p42.asm
                     DER1   0x000048    program     static C:\Users\suxo\Desktop\2\p42.asm
                      IZQ   0x00004d    program     static C:\Users\suxo\Desktop\2\p42.asm
                     IZQ1   0x000050    program     static C:\Users\suxo\Desktop\2\p42.asm
                   DERIZQ   0x000055    program     static C:\Users\suxo\Desktop\2\p42.asm
                     DER2   0x000058    program     static C:\Users\suxo\Desktop\2\p42.asm
                     IZQ2   0x00005f    program     static C:\Users\suxo\Desktop\2\p42.asm
                  retardo   0x000064    program     static C:\Users\suxo\Desktop\2\p42.asm
                     tres   0x000066    program     static C:\Users\suxo\Desktop\2\p42.asm
                      dos   0x000068    program     static C:\Users\suxo\Desktop\2\p42.asm
                      uno   0x00006a    program     static C:\Users\suxo\Desktop\2\p42.asm


