MPLINK 4.37, Linker
Linker Map File - Created Tue Sep 21 01:35:33 2021

                                 Section Info
                  Section       Type    Address   Location Size(Bytes)
                ---------  ---------  ---------  ---------  ---------
                   .org_0       code   0x000000    program   0x000000
                   .org_1       code   0x000000    program   0x000002
                   .org_2       code   0x000005    program   0x00000c



                              Program Memory Usage 
                               Start         End      
                           ---------   ---------      
                            0x000000    0x000000      
                            0x000005    0x00000a      
            7 out of 8453 program addresses used, program memory utilization is 0%



                              Symbols - Sorted by Name
                     Name    Address   Location    Storage File                     
                ---------  ---------  ---------  --------- ---------                
                    CICLO   0x000007    program     static C:\Users\suxo\Desktop\ejercicio4.asm
                      FIN   0x00000b    program     static C:\Users\suxo\Desktop\ejercicio4.asm
                   INICIO   0x000005    program     static C:\Users\suxo\Desktop\ejercicio4.asm



                              Symbols - Sorted by Address
                     Name    Address   Location    Storage File                     
                ---------  ---------  ---------  --------- ---------                
                   INICIO   0x000005    program     static C:\Users\suxo\Desktop\ejercicio4.asm
                    CICLO   0x000007    program     static C:\Users\suxo\Desktop\ejercicio4.asm
                      FIN   0x00000b    program     static C:\Users\suxo\Desktop\ejercicio4.asm


