MPLINK 4.37, Linker
Linker Map File - Created Mon Nov 08 16:30:48 2021

                                 Section Info
                  Section       Type    Address   Location Size(Bytes)
                ---------  ---------  ---------  ---------  ---------
                   .org_0       code   0x000000    program   0x000000
                   .org_1       code   0x000000    program   0x000002
                   .org_2       code   0x000005    program   0x0000e2



                              Program Memory Usage 
                               Start         End      
                           ---------   ---------      
                            0x000000    0x000000      
                            0x000005    0x000075      
            114 out of 8453 program addresses used, program memory utilization is 1%



                              Symbols - Sorted by Name
                     Name    Address   Location    Storage File                     
                ---------  ---------  ---------  --------- ---------                
                    CICLO   0x000010    program     static C:\Users\suxo\Desktop\51\p51.asm
                  DETENER   0x000046    program     static C:\Users\suxo\Desktop\51\p51.asm
                      DOS   0x00006d    program     static C:\Users\suxo\Desktop\51\p51.asm
        GIRO1_ANTIHORARIO   0x00004d    program     static C:\Users\suxo\Desktop\51\p51.asm
            GIRO1_HORARIO   0x000049    program     static C:\Users\suxo\Desktop\51\p51.asm
        GIRO2_ANTIHORARIO   0x000055    program     static C:\Users\suxo\Desktop\51\p51.asm
            GIRO2_HORARIO   0x000051    program     static C:\Users\suxo\Desktop\51\p51.asm
        GIRO3_ANTIHORARIO   0x00005d    program     static C:\Users\suxo\Desktop\51\p51.asm
            GIRO3_HORARIO   0x000059    program     static C:\Users\suxo\Desktop\51\p51.asm
        GIRO4_ANTIHORARIO   0x000065    program     static C:\Users\suxo\Desktop\51\p51.asm
            GIRO4_HORARIO   0x000061    program     static C:\Users\suxo\Desktop\51\p51.asm
                   INICIO   0x000005    program     static C:\Users\suxo\Desktop\51\p51.asm
                  RETARDO   0x000069    program     static C:\Users\suxo\Desktop\51\p51.asm
                     TRES   0x00006b    program     static C:\Users\suxo\Desktop\51\p51.asm
                      UNO   0x00006f    program     static C:\Users\suxo\Desktop\51\p51.asm



                              Symbols - Sorted by Address
                     Name    Address   Location    Storage File                     
                ---------  ---------  ---------  --------- ---------                
                   INICIO   0x000005    program     static C:\Users\suxo\Desktop\51\p51.asm
                    CICLO   0x000010    program     static C:\Users\suxo\Desktop\51\p51.asm
                  DETENER   0x000046    program     static C:\Users\suxo\Desktop\51\p51.asm
            GIRO1_HORARIO   0x000049    program     static C:\Users\suxo\Desktop\51\p51.asm
        GIRO1_ANTIHORARIO   0x00004d    program     static C:\Users\suxo\Desktop\51\p51.asm
            GIRO2_HORARIO   0x000051    program     static C:\Users\suxo\Desktop\51\p51.asm
        GIRO2_ANTIHORARIO   0x000055    program     static C:\Users\suxo\Desktop\51\p51.asm
            GIRO3_HORARIO   0x000059    program     static C:\Users\suxo\Desktop\51\p51.asm
        GIRO3_ANTIHORARIO   0x00005d    program     static C:\Users\suxo\Desktop\51\p51.asm
            GIRO4_HORARIO   0x000061    program     static C:\Users\suxo\Desktop\51\p51.asm
        GIRO4_ANTIHORARIO   0x000065    program     static C:\Users\suxo\Desktop\51\p51.asm
                  RETARDO   0x000069    program     static C:\Users\suxo\Desktop\51\p51.asm
                     TRES   0x00006b    program     static C:\Users\suxo\Desktop\51\p51.asm
                      DOS   0x00006d    program     static C:\Users\suxo\Desktop\51\p51.asm
                      UNO   0x00006f    program     static C:\Users\suxo\Desktop\51\p51.asm


