MPLINK 4.37, Linker
Linker Map File - Created Sun Oct 24 23:13:36 2021

                                 Section Info
                  Section       Type    Address   Location Size(Bytes)
                ---------  ---------  ---------  ---------  ---------
                   .org_0       code   0x000000    program   0x000000
                   .org_1       code   0x000000    program   0x000002
                   .org_2       code   0x000005    program   0x000038



                              Program Memory Usage 
                               Start         End      
                           ---------   ---------      
                            0x000000    0x000000      
                            0x000005    0x000020      
            29 out of 8453 program addresses used, program memory utilization is 0%



                              Symbols - Sorted by Name
                     Name    Address   Location    Storage File                     
                ---------  ---------  ---------  --------- ---------                
                    CICLO   0x00000d    program     static C:\Users\suxo\Desktop\p3\9\p39.asm
                   INICIO   0x000005    program     static C:\Users\suxo\Desktop\p3\9\p39.asm
                      dos   0x000018    program     static C:\Users\suxo\Desktop\p3\9\p39.asm
                    loop2   0x00000b    program     static C:\Users\suxo\Desktop\p3\9\p39.asm
                  retardo   0x000014    program     static C:\Users\suxo\Desktop\p3\9\p39.asm
                     tres   0x000016    program     static C:\Users\suxo\Desktop\p3\9\p39.asm
                      uno   0x00001a    program     static C:\Users\suxo\Desktop\p3\9\p39.asm



                              Symbols - Sorted by Address
                     Name    Address   Location    Storage File                     
                ---------  ---------  ---------  --------- ---------                
                   INICIO   0x000005    program     static C:\Users\suxo\Desktop\p3\9\p39.asm
                    loop2   0x00000b    program     static C:\Users\suxo\Desktop\p3\9\p39.asm
                    CICLO   0x00000d    program     static C:\Users\suxo\Desktop\p3\9\p39.asm
                  retardo   0x000014    program     static C:\Users\suxo\Desktop\p3\9\p39.asm
                     tres   0x000016    program     static C:\Users\suxo\Desktop\p3\9\p39.asm
                      dos   0x000018    program     static C:\Users\suxo\Desktop\p3\9\p39.asm
                      uno   0x00001a    program     static C:\Users\suxo\Desktop\p3\9\p39.asm


